// Jest Snapshot v1, https://goo.gl/fbAQLP

exports[`App renders the App component correctly 1`] = `
<DocumentFragment>
  <main
    class="weather-app"
  >
    <section
      class="location-details"
    >
      <h1
        class="location-details__heading"
      >
        , 
      </h1>
    </section>
    <section
      class="search-form"
    >
      <input
        class="search-form__input"
        placeholder="Please enter a location"
        type="text"
        value=""
      />
      <button
        class="search-form__button"
        type="submit"
      >
        Search
      </button>
    </section>
    <section
      class="forecast-summaries"
    />
  </main>
</DocumentFragment>
`;
